// Jest Snapshot v1, https://goo.gl/fbAQLP

exports[`썸네일 주소가 있을경우, img 태그를 렌더링한다. 1`] = `
<div>
  <div
    class="flex h-full overflow-hidden max-md:aspect-square max-md:w-full w-[300px]"
  >
    <div
      class="relative flex size-full items-center justify-center"
    >
      <img
        class="absolute size-full object-cover"
        src="https://fake.url"
      />
      <div
        class="absolute size-full backdrop-blur"
      />
      <img
        class="absolute object-contain"
        src="https://fake.url"
      />
    </div>
  </div>
</div>
`;
